[36mvite v6.3.5 [32mbuilding for production...[36m[39m
transforming...
[32m✓[39m 2411 modules transformed.
